Microchip MPLAB XC8 Compiler V1.35 ()

Linker command line:

--edf=/opt/microchip/xc8/v1.35/dat/en_msgs.txt -cs \
  -h+dist/main/production/CapacitaBatteria.X.production.sym \
  --cmf=dist/main/production/CapacitaBatteria.X.production.cmf -z -Q18F4550 \
  -o/tmp/xcXEb2KrR -Mdist/main/production/CapacitaBatteria.X.production.map \
  -E1 -ver=XC8 -ASTACK=098h-07ffh -pstack=STACK -ACODE=00h-07FFFh \
  -ACONST=00h-07FFFh -ASMALLCONST=0800h-08FFhx120 \
  -AMEDIUMCONST=0800h-07FFFh -ACOMRAM=01h-05Fh -AABS1=00h-07FFh \
  -ABIGRAM=01h-07FFh -ARAM=060h-0FFh,0100h-01FFhx7 -ABANK0=060h-0FFh \
  -ABANK1=0100h-01FFh -ABANK2=0200h-02FFh -ABANK3=0300h-03FFh \
  -ABANK4=0400h-04FFh -ABANK5=0500h-05FFh -ABANK6=0600h-06FFh \
  -ABANK7=0700h-07FFh -ASFR=0F60h-0FFFh \
  -preset_vec=00h,intcode=08h,intcodelo=018h,powerup,init,end_init \
  -pramtop=0800h -psmallconst=SMALLCONST -pmediumconst=MEDIUMCONST \
  -pconst=CONST -AFARRAM=00h-00h -ACONFIG=0300000h-030000Dh -pconfig=CONFIG \
  -AIDLOC=0200000h-0200007h -pidloc=IDLOC -AEEDATA=0F00000h-0F000FFh \
  -peeprom_data=EEDATA \
  -prdata=COMRAM,nvrram=COMRAM,nvbit=COMRAM,rbss=COMRAM,rbit=COMRAM \
  -pfarbss=FARRAM,fardata=FARRAM,nvFARRAM=FARRAM \
  -pintsave_regs=BIGRAM,bigbss=BIGRAM,bigdata=BIGRAM -pbss=RAM \
  -pidata=CODE,irdata=CODE,ibigdata=CODE,ifardata=CODE -prparam=COMRAM \
  /tmp/xcXRuBQy6.obj dist/main/production/CapacitaBatteria.X.production.obj 

Object code version is 3.11

Machine type is 18F4550

Call graph: (short form)




                Name                               Link     Load   Length Selector   Space Scale
/tmp/xcXRuBQy6.obj
                end_init                             A6       A6        4        C       0
                reset_vec                             0        0        4        0       0
                idloc                            200000   200000        8   200000       0
                config                           300000   300000        E   300000       0
dist/main/production/CapacitaBatteria.X.production.obj
                intcodelo                            18       18       8E        C       0
                intcode                               8        8        E        4       0
                temp                                 3F       3F        1        1       1
                smallconst                          800      800       14      400       0
                intcode_body                        AA0      AA0       6E      40A       0
                text15                              D54      D54       24      40A       0
                text14                              DA6      DA6       14      40A       0
                text13                              DC2      DC2        8      40A       0
                text12                              DBA      DBA        8      40A       0
                text11                              C76      C76       44      40A       0
                text10                              D92      D92       14      40A       0
                text9                               C24      C24       52      40A       0
                text8                               CF4      CF4       36      40A       0
                text7                               D2A      D2A       2A      40A       0
                text6                               A1E      A1E       82      40A       0
                text5                               B0E      B0E       66      40A       0
                text4                               928      928       F6      40A       0
                text3                               BCC      BCC       58      40A       0
                text2                               B74      B74       58      40A       0
                text1                               CBA      CBA       3A      40A       0
                text0                               814      814      114      40A       0
                cstackCOMRAM                          1        1       3E        1       1
                cstackBANK0                          8C       8C        C       60       1
                bssBANK0                             60       60       2C       60       1
                cinit                               D78      D78       1A      40A       0

TOTAL           Name                               Link     Load   Length     Space
        CLASS   STACK          

        CLASS   CODE           
                end_init                             A6       A6        4         0
                intcodelo                            18       18       8E         0
                intcode                               8        8        E         0
                reset_vec                             0        0        4         0
                intcode_body                        AA0      AA0       6E         0
                text15                              D54      D54       24         0
                text14                              DA6      DA6       14         0
                text13                              DC2      DC2        8         0
                text12                              DBA      DBA        8         0
                text11                              C76      C76       44         0
                text10                              D92      D92       14         0
                text9                               C24      C24       52         0
                text8                               CF4      CF4       36         0
                text7                               D2A      D2A       2A         0
                text6                               A1E      A1E       82         0
                text5                               B0E      B0E       66         0
                text4                               928      928       F6         0
                text3                               BCC      BCC       58         0
                text2                               B74      B74       58         0
                text1                               CBA      CBA       3A         0
                text0                               814      814      114         0
                cinit                               D78      D78       1A         0

        CLASS   CONST          

        CLASS   SMALLCONST     
                smallconst                          800      800       14         0

        CLASS   MEDIUMCONST    

        CLASS   COMRAM         
                temp                                 3F       3F        1         1
                cstackCOMRAM                          1        1       3E         1

        CLASS   ABS1           

        CLASS   BIGRAM         

        CLASS   RAM            

        CLASS   BANK0          
                cstackBANK0                          8C       8C        C         1
                bssBANK0                             60       60       2C         1

        CLASS   BANK1          

        CLASS   BANK2          

        CLASS   BANK3          

        CLASS   BANK4          

        CLASS   BANK5          

        CLASS   BANK6          

        CLASS   BANK7          

        CLASS   SFR            

        CLASS   FARRAM         

        CLASS   CONFIG         
                config                           300000   300000        E         0

        CLASS   IDLOC          
                idloc                            200000   200000        8         0

        CLASS   EEDATA         



SEGMENTS        Name                           Load    Length   Top    Selector   Space  Class

                reset_vec                      000000  000004  000004         0       0  CODE    
                cstackCOMRAM                   000001  00003F  000040         1       1  COMRAM  
                intcode                        000008  00000E  000016         4       0  CODE    
                intcodelo                      000018  000092  0000AA         C       0  CODE    
                bssBANK0                       000060  000038  000098        60       1  BANK0   
                smallconst                     000800  000014  000814       400       0  SMALLCON
                text0                          000814  0005B6  000DCA       40A       0  CODE    
                idloc                          200000  000008  200008    200000       0  IDLOC   
                config                         300000  00000E  30000E    300000       0  CONFIG  


UNUSED ADDRESS RANGES

        Name                Unused          Largest block    Delta
        BANK0            000098-0000FF               68
        BANK1            000100-0001FF              100
        BANK2            000200-0002FF              100
        BANK3            000300-0003FF              100
        BANK4            000400-0004FF              100
        BANK5            000500-0005FF              100
        BANK6            000600-0006FF              100
        BANK7            000700-0007FF              100
        BIGRAM           000040-00005F               20
                         000098-0007FF              768
        CODE             000004-000007                4
                         000016-000017                2
                         0000AA-0007FF              756
                         000DCA-007FFF             7236
        COMRAM           000040-00005F               20
        CONST            000004-000007                4
                         000016-000017                2
                         0000AA-0007FF              756
                         000DCA-007FFF             7236
        EEDATA           F00000-F000FF              100
        MEDIUMCONST      000DCA-007FFF             7236
        RAM              000098-0007FF              100
        SFR              000F60-000FFF               A0
        SMALLCONST       000DCA-007FFF              100
        STACK            000098-0007FF              768

                                  Symbol Table

?___lldiv                 cstackCOMRAM 000020
?___llmod                 cstackCOMRAM 000020
?_strlen                  cstackCOMRAM 000020
_ADCON0bits               (abs)        000FC2
_ADCON1bits               (abs)        000FC1
_ADCON2bits               (abs)        000FC0
_ADRES                    (abs)        000FC3
_InitApp                  text7        000D2A
_LATEbits                 (abs)        000F8D
_PIR1bits                 (abs)        000F9E
_PORTD                    (abs)        000F83
_PORTDbits                (abs)        000F83
_TRISD                    (abs)        000F95
_TRISE0                   (abs)        007CB0
_TRISE1                   (abs)        007CB1
_TRISE2                   (abs)        007CB2
__CFG_BOR$OFF             (abs)        000000
__CFG_FCMEN$OFF           (abs)        000000
__CFG_FOSC$HS             (abs)        000000
__CFG_IESO$OFF            (abs)        000000
__CFG_LPT1OSC$OFF         (abs)        000000
__CFG_LVP$OFF             (abs)        000000
__CFG_MCLRE$ON            (abs)        000000
__CFG_PWRT$OFF            (abs)        000000
__CFG_STVREN$OFF          (abs)        000000
__CFG_VREGEN$OFF          (abs)        000000
__CFG_WDT$OFF             (abs)        000000
__CFG_XINST$OFF           (abs)        000000
__HRAM                    (abs)        000000
__Habs1                   abs1         000000
__Hbank0                  bank0        000000
__Hbank1                  bank1        000000
__Hbank2                  bank2        000000
__Hbank3                  bank3        000000
__Hbank4                  bank4        000000
__Hbank5                  bank5        000000
__Hbank6                  bank6        000000
__Hbank7                  bank7        000000
__Hbigbss                 bigbss       000000
__Hbigdata                bigdata      000000
__Hbigram                 bigram       000000
__Hbss                    bss          000000
__HbssBANK0               bssBANK0     000000
__Hcinit                  cinit        000000
__Hclrtext                clrtext      000000
__Hcomram                 comram       000000
__Hconfig                 config       30000E
__Hconst                  const        000000
__HcstackBANK0            cstackBANK0  000000
__HcstackCOMRAM           cstackCOMRAM 000000
__Hdata                   data         000000
__Heeprom_data            eeprom_data  000000
__Hend_init               end_init     0000AA
__Hfarbss                 farbss       000000
__Hfardata                fardata      000000
__Hibigdata               ibigdata     000000
__Hidata                  idata        000000
__Hidloc                  idloc        200008
__Hifardata               ifardata     000000
__Hinit                   init         0000A6
__Hintcode                intcode      000016
__Hintcode_body           intcode_body 000000
__Hintcodelo              intcodelo    0000A6
__Hintentry               intentry     000000
__Hintret                 intret       000000
__Hintsave_regs           intsave_regs 000000
__Hirdata                 irdata       000000
__Hmediumconst            mediumconst  000000
__HnvFARRAM               nvFARRAM     000000
__Hnvbit                  nvbit        000000
__Hnvrram                 nvrram       000000
__Hparam                  rparam       000000
__Hpowerup                powerup      0000A6
__Hram                    ram          000000
__Hramtop                 ramtop       000800
__Hrbit                   rbit         000000
__Hrbss                   rbss         000000
__Hrdata                  rdata        000000
__Hreset_vec              reset_vec    000004
__Hrparam                 rparam       000000
__Hsfr                    sfr          000000
__Hsmallconst             smallconst   000814
__Hspace_0                (abs)        30000E
__Hspace_1                (abs)        000098
__Hspace_2                (abs)        000000
__Hstack                  stack        000000
__Hstruct                 struct       000000
__Htemp                   temp         000040
__Htext                   text         000000
__Htext0                  text0        000000
__Htext1                  text1        000000
__Htext10                 text10       000000
__Htext11                 text11       000000
__Htext12                 text12       000000
__Htext13                 text13       000000
__Htext14                 text14       000000
__Htext15                 text15       000000
__Htext2                  text2        000000
__Htext3                  text3        000000
__Htext4                  text4        000000
__Htext5                  text5        000000
__Htext6                  text6        000000
__Htext7                  text7        000000
__Htext8                  text8        000000
__Htext9                  text9        000000
__LRAM                    (abs)        000001
__Labs1                   abs1         000000
__Lbank0                  bank0        000000
__Lbank1                  bank1        000000
__Lbank2                  bank2        000000
__Lbank3                  bank3        000000
__Lbank4                  bank4        000000
__Lbank5                  bank5        000000
__Lbank6                  bank6        000000
__Lbank7                  bank7        000000
__Lbigbss                 bigbss       000000
__Lbigdata                bigdata      000000
__Lbigram                 bigram       000000
__Lbss                    bss          000000
__LbssBANK0               bssBANK0     000000
__Lcinit                  cinit        000000
__Lclrtext                clrtext      000000
__Lcomram                 comram       000000
__Lconfig                 config       300000
__Lconst                  const        000000
__LcstackBANK0            cstackBANK0  000000
__LcstackCOMRAM           cstackCOMRAM 000000
__Ldata                   data         000000
__Leeprom_data            eeprom_data  000000
__Lend_init               end_init     0000A6
__Lfarbss                 farbss       000000
__Lfardata                fardata      000000
__Libigdata               ibigdata     000000
__Lidata                  idata        000000
__Lidloc                  idloc        200000
__Lifardata               ifardata     000000
__Linit                   init         0000A6
__Lintcode                intcode      000008
__Lintcode_body           intcode_body 000000
__Lintcodelo              intcodelo    000018
__Lintentry               intentry     000000
__Lintret                 intret       000000
__Lintsave_regs           intsave_regs 000000
__Lirdata                 irdata       000000
__Lmediumconst            mediumconst  000000
__LnvFARRAM               nvFARRAM     000000
__Lnvbit                  nvbit        000000
__Lnvrram                 nvrram       000000
__Lparam                  rparam       000000
__Lpowerup                powerup      0000A6
__Lram                    ram          000000
__Lramtop                 ramtop       000800
__Lrbit                   rbit         000000
__Lrbss                   rbss         000000
__Lrdata                  rdata        000000
__Lreset_vec              reset_vec    000000
__Lrparam                 rparam       000000
__Lsfr                    sfr          000000
__Lsmallconst             smallconst   000800
__Lspace_0                (abs)        000000
__Lspace_1                (abs)        000000
__Lspace_2                (abs)        000000
__Lstack                  stack        000000
__Lstruct                 struct       000000
__Ltemp                   temp         00003F
__Ltext                   text         000000
__Ltext0                  text0        000000
__Ltext1                  text1        000000
__Ltext10                 text10       000000
__Ltext11                 text11       000000
__Ltext12                 text12       000000
__Ltext13                 text13       000000
__Ltext14                 text14       000000
__Ltext15                 text15       000000
__Ltext2                  text2        000000
__Ltext3                  text3        000000
__Ltext4                  text4        000000
__Ltext5                  text5        000000
__Ltext6                  text6        000000
__Ltext7                  text7        000000
__Ltext8                  text8        000000
__Ltext9                  text9        000000
__S0                      (abs)        30000E
__S1                      (abs)        000098
__S2                      (abs)        000000
___inthi_sp               stack        000000
___intlo_sp               stack        000000
___lldiv                  text6        000A1E
___lldiv@counter          cstackCOMRAM 00002C
___lldiv@dividend         cstackCOMRAM 000020
___lldiv@divisor          cstackCOMRAM 000024
___lldiv@quotient         cstackCOMRAM 000028
___llmod                  text5        000B0E
___llmod@counter          cstackCOMRAM 000028
___llmod@dividend         cstackCOMRAM 000020
___llmod@divisor          cstackCOMRAM 000024
___param_bank             (abs)        000010
___rparam_used            (abs)        000001
___sp                     stack        000000
__accesstop               (abs)        000060
__activetblptr            (abs)        000002
__end_of_InitApp          text7        000D54
__end_of___lldiv          text6        000AA0
__end_of___llmod          text5        000B74
__end_of__initialization  cinit        000D84
__end_of_high_isr         intcode_body 000B0E
__end_of_initLCD          text8        000D2A
__end_of_line1            text13       000DCA
__end_of_line2            text12       000DC2
__end_of_low_isr          intcodelo    0000A6
__end_of_ltoa             text3        000C24
__end_of_main             text0        000928
__end_of_strcat           text2        000BCC
__end_of_strlen           text1        000CF4
__end_of_ultoa            text4        000A1E
__end_of_waitForLCDStart  text11       000CBA
__end_of_waitNotBusy      text15       000D78
__end_of_writeCmdLCD      text14       000DBA
__end_of_writeDataLCD     text10       000DA6
__end_of_writeLCD         text9        000C76
__initialization          cinit        000D78
__mediumconst             mediumconst  000000
__pbssBANK0               bssBANK0     000060
__pcinit                  cinit        000D78
__pcstackBANK0            cstackBANK0  00008C
__pcstackCOMRAM           cstackCOMRAM 000001
__pintcode                intcode      000008
__pintcode_body           intcode_body 000AA0
__pintcodelo              intcodelo    000018
__psmallconst             smallconst   000800
__ptext0                  text0        000814
__ptext1                  text1        000CBA
__ptext10                 text10       000D92
__ptext11                 text11       000C76
__ptext12                 text12       000DBA
__ptext13                 text13       000DC2
__ptext14                 text14       000DA6
__ptext15                 text15       000D54
__ptext2                  text2        000B74
__ptext3                  text3        000BCC
__ptext4                  text4        000928
__ptext5                  text5        000B0E
__ptext6                  text6        000A1E
__ptext7                  text7        000D2A
__ptext8                  text8        000CF4
__ptext9                  text9        000C24
__ramtop                  ramtop       000800
__size_of_InitApp         (abs)        000000
__size_of___lldiv         (abs)        000000
__size_of___llmod         (abs)        000000
__size_of_high_isr        (abs)        000000
__size_of_initLCD         (abs)        000000
__size_of_line1           (abs)        000000
__size_of_line2           (abs)        000000
__size_of_low_isr         (abs)        000000
__size_of_ltoa            (abs)        000000
__size_of_main            (abs)        000000
__size_of_strcat          (abs)        000000
__size_of_strlen          (abs)        000000
__size_of_ultoa           (abs)        000000
__size_of_waitForLCDStart (abs)        000000
__size_of_waitNotBusy     (abs)        000000
__size_of_writeCmdLCD     (abs)        000000
__size_of_writeDataLCD    (abs)        000000
__size_of_writeLCD        (abs)        000000
__smallconst              smallconst   000800
_capacity                 bssBANK0     000067
_high_isr                 intcode      000008
_i                        bssBANK0     000066
_initLCD                  text8        000CF4
_iterLine1                bssBANK0     000064
_line1                    text13       000DC2
_line2                    text12       000DBA
_low_isr                  intcodelo    000018
_ltoa                     text3        000BCC
_main                     text0        000814
_strLine1                 bssBANK0     00007B
_strcat                   text2        000B74
_strlen                   text1        000CBA
_totCur                   bssBANK0     000060
_ultoa                    text4        000928
_waitForLCDStart          text11       000C76
_waitNotBusy              text15       000D54
_writeCmdLCD              text14       000DA6
_writeDataLCD             text10       000D92
_writeLCD                 text9        000C24
btemp                     temp         00003F
end_of_initialization     cinit        000D84
int$flags                 temp         00003F
int_func                  intcode_body 000AA0
intlevel0                 text         000000
intlevel1                 text         000000
intlevel2                 text         000000
intlevel3                 text         000000
ltoa@base                 cstackBANK0  000092
ltoa@buf                  cstackBANK0  00008C
ltoa@cp                   cstackCOMRAM 00003A
ltoa@val                  cstackBANK0  00008E
main@lenCap               cstackBANK0  000094
main@width                cstackBANK0  000096
stackhi                   (abs)        0007FF
stacklo                   (abs)        000098
start                     init         0000A6
start_initialization      cinit        000D78
strcat@cp                 cstackCOMRAM 000024
strcat@from               cstackCOMRAM 000022
strcat@to                 cstackCOMRAM 000020
strlen@cp                 cstackCOMRAM 000024
strlen@s                  cstackCOMRAM 000020
ultoa@base                cstackCOMRAM 000033
ultoa@buf                 cstackCOMRAM 00002D
ultoa@c                   cstackCOMRAM 000039
ultoa@v                   cstackCOMRAM 000035
ultoa@val                 cstackCOMRAM 00002F
waitNotBusy@res           cstackCOMRAM 000020
writeCmdLCD@data          cstackCOMRAM 000021
writeDataLCD@data         cstackCOMRAM 000021
writeLCD@str              cstackCOMRAM 000022


FUNCTION INFORMATION:

 *************** function _main *****************
 Defined at:
		line 41 in file "main.c"
 Parameters:    Size  Location     Type
		None
 Auto vars:     Size  Location     Type
  width           2   10[BANK0 ] int 
  lenCap          2    8[BANK0 ] unsigned int 
 Return value:  Size  Location     Type
		None               void
 Registers used:
		wreg, fsr0l, fsr0h, fsr2l, fsr2h, status,2, status,0, tblptrl, tblptrh, tblptru, cstack
 Tracked objects:
		On entry : 
		On exit  : 
		Unchanged: 
 Data sizes:     COMRAM   BANK0   BANK1   BANK2   BANK3   BANK4   BANK5   BANK6   BANK7
      Params:         0       0       0       0       0       0       0       0       0
      Locals:         0       4       0       0       0       0       0       0       0
      Temps:          3       0       0       0       0       0       0       0       0
      Totals:         3       4       0       0       0       0       0       0       0
Total ram usage:        7 bytes
 Hardware stack levels required when called:    7
 This function calls:
		_InitApp
		_line1
		_ltoa
		_strcat
		_strlen
		_writeLCD
 This function is called by:
		Startup code after reset
 This function uses a non-reentrant model


 *************** function _strlen *****************
 Defined at:
		line 4 in file "/opt/microchip/xc8/v1.35/sources/common/strlen.c"
 Parameters:    Size  Location     Type
  s               2   31[COMRAM] PTR const unsigned char 
		 -> capacity(20), 
 Auto vars:     Size  Location     Type
  cp              2   35[COMRAM] PTR const unsigned char 
		 -> capacity(20), 
 Return value:  Size  Location     Type
                  2   31[COMRAM] unsigned int 
 Registers used:
		wreg, fsr2l, fsr2h, status,2, status,0
 Tracked objects:
		On entry : 
		On exit  : 
		Unchanged: 
 Data sizes:     COMRAM   BANK0   BANK1   BANK2   BANK3   BANK4   BANK5   BANK6   BANK7
      Params:         2       0       0       0       0       0       0       0       0
      Locals:         2       0       0       0       0       0       0       0       0
      Temps:          2       0       0       0       0       0       0       0       0
      Totals:         6       0       0       0       0       0       0       0       0
Total ram usage:        6 bytes
 Hardware stack levels used:    1
 Hardware stack levels required when called:    2
 This function calls:
		Nothing
 This function is called by:
		_main
 This function uses a non-reentrant model


 *************** function _strcat *****************
 Defined at:
		line 8 in file "/opt/microchip/xc8/v1.35/sources/common/strcat.c"
 Parameters:    Size  Location     Type
  to              2   31[COMRAM] PTR unsigned char 
		 -> NULL(0), strLine1(17), 
  from            2   33[COMRAM] PTR const unsigned char 
		 -> STR_1(5), capacity(20), 
 Auto vars:     Size  Location     Type
  cp              2   35[COMRAM] PTR unsigned char 
		 -> NULL(0), strLine1(17), 
 Return value:  Size  Location     Type
                  2   31[COMRAM] PTR unsigned char 
 Registers used:
		wreg, fsr0l, fsr0h, fsr2l, fsr2h, status,2, status,0, tblptrl, tblptrh, tblptru
 Tracked objects:
		On entry : 
		On exit  : 
		Unchanged: 
 Data sizes:     COMRAM   BANK0   BANK1   BANK2   BANK3   BANK4   BANK5   BANK6   BANK7
      Params:         4       0       0       0       0       0       0       0       0
      Locals:         2       0       0       0       0       0       0       0       0
      Temps:          0       0       0       0       0       0       0       0       0
      Totals:         6       0       0       0       0       0       0       0       0
Total ram usage:        6 bytes
 Hardware stack levels used:    1
 Hardware stack levels required when called:    2
 This function calls:
		Nothing
 This function is called by:
		_main
 This function uses a non-reentrant model


 *************** function _ltoa *****************
 Defined at:
		line 7 in file "/opt/microchip/xc8/v1.35/sources/common/ltoa.c"
 Parameters:    Size  Location     Type
  buf             2    0[BANK0 ] PTR unsigned char 
		 -> capacity(20), 
  val             4    2[BANK0 ] long 
  base            2    6[BANK0 ] int 
 Auto vars:     Size  Location     Type
  cp              2   57[COMRAM] PTR unsigned char 
		 -> capacity(20), 
 Return value:  Size  Location     Type
                  2    0[BANK0 ] PTR unsigned char 
 Registers used:
		wreg, fsr2l, fsr2h, status,2, status,0, cstack
 Tracked objects:
		On entry : 
		On exit  : 
		Unchanged: 
 Data sizes:     COMRAM   BANK0   BANK1   BANK2   BANK3   BANK4   BANK5   BANK6   BANK7
      Params:         0       8       0       0       0       0       0       0       0
      Locals:         2       0       0       0       0       0       0       0       0
      Temps:          0       0       0       0       0       0       0       0       0
      Totals:         2       8       0       0       0       0       0       0       0
Total ram usage:       10 bytes
 Hardware stack levels used:    1
 Hardware stack levels required when called:    4
 This function calls:
		_ultoa
 This function is called by:
		_main
 This function uses a non-reentrant model


 *************** function _ultoa *****************
 Defined at:
		line 32 in file "/opt/microchip/xc8/v1.35/sources/common/ltoa.c"
 Parameters:    Size  Location     Type
  buf             2   44[COMRAM] PTR unsigned char 
		 -> capacity(20), 
  val             4   46[COMRAM] unsigned long 
  base            2   50[COMRAM] int 
 Auto vars:     Size  Location     Type
  v               4   52[COMRAM] unsigned long 
  c               1   56[COMRAM] unsigned char 
 Return value:  Size  Location     Type
                  2   44[COMRAM] PTR unsigned char 
 Registers used:
		wreg, fsr2l, fsr2h, status,2, status,0, cstack
 Tracked objects:
		On entry : 
		On exit  : 
		Unchanged: 
 Data sizes:     COMRAM   BANK0   BANK1   BANK2   BANK3   BANK4   BANK5   BANK6   BANK7
      Params:         8       0       0       0       0       0       0       0       0
      Locals:         5       0       0       0       0       0       0       0       0
      Temps:          0       0       0       0       0       0       0       0       0
      Totals:        13       0       0       0       0       0       0       0       0
Total ram usage:       13 bytes
 Hardware stack levels used:    1
 Hardware stack levels required when called:    3
 This function calls:
		___lldiv
		___llmod
 This function is called by:
		_ltoa
 This function uses a non-reentrant model


 *************** function ___llmod *****************
 Defined at:
		line 8 in file "/opt/microchip/xc8/v1.35/sources/common/llmod.c"
 Parameters:    Size  Location     Type
  dividend        4   31[COMRAM] unsigned long 
  divisor         4   35[COMRAM] unsigned long 
 Auto vars:     Size  Location     Type
  counter         1   39[COMRAM] unsigned char 
 Return value:  Size  Location     Type
                  4   31[COMRAM] unsigned long 
 Registers used:
		wreg, status,2, status,0
 Tracked objects:
		On entry : 
		On exit  : 
		Unchanged: 
 Data sizes:     COMRAM   BANK0   BANK1   BANK2   BANK3   BANK4   BANK5   BANK6   BANK7
      Params:         8       0       0       0       0       0       0       0       0
      Locals:         1       0       0       0       0       0       0       0       0
      Temps:          0       0       0       0       0       0       0       0       0
      Totals:         9       0       0       0       0       0       0       0       0
Total ram usage:        9 bytes
 Hardware stack levels used:    1
 Hardware stack levels required when called:    2
 This function calls:
		Nothing
 This function is called by:
		_ultoa
 This function uses a non-reentrant model


 *************** function ___lldiv *****************
 Defined at:
		line 8 in file "/opt/microchip/xc8/v1.35/sources/common/lldiv.c"
 Parameters:    Size  Location     Type
  dividend        4   31[COMRAM] unsigned long 
  divisor         4   35[COMRAM] unsigned long 
 Auto vars:     Size  Location     Type
  quotient        4   39[COMRAM] unsigned long 
  counter         1   43[COMRAM] unsigned char 
 Return value:  Size  Location     Type
                  4   31[COMRAM] unsigned long 
 Registers used:
		wreg, status,2, status,0
 Tracked objects:
		On entry : 
		On exit  : 
		Unchanged: 
 Data sizes:     COMRAM   BANK0   BANK1   BANK2   BANK3   BANK4   BANK5   BANK6   BANK7
      Params:         8       0       0       0       0       0       0       0       0
      Locals:         5       0       0       0       0       0       0       0       0
      Temps:          0       0       0       0       0       0       0       0       0
      Totals:        13       0       0       0       0       0       0       0       0
Total ram usage:       13 bytes
 Hardware stack levels used:    1
 Hardware stack levels required when called:    2
 This function calls:
		Nothing
 This function is called by:
		_ultoa
 This function uses a non-reentrant model


 *************** function _InitApp *****************
 Defined at:
		line 17 in file "user.c"
 Parameters:    Size  Location     Type
		None
 Auto vars:     Size  Location     Type
		None
 Return value:  Size  Location     Type
		None               void
 Registers used:
		wreg, fsr0l, fsr0h, status,2, status,0, tblptrl, tblptrh, tblptru, cstack
 Tracked objects:
		On entry : 
		On exit  : 
		Unchanged: 
 Data sizes:     COMRAM   BANK0   BANK1   BANK2   BANK3   BANK4   BANK5   BANK6   BANK7
      Params:         0       0       0       0       0       0       0       0       0
      Locals:         0       0       0       0       0       0       0       0       0
      Temps:          0       0       0       0       0       0       0       0       0
      Totals:         0       0       0       0       0       0       0       0       0
Total ram usage:        0 bytes
 Hardware stack levels used:    1
 Hardware stack levels required when called:    6
 This function calls:
		_initLCD
 This function is called by:
		_main
 This function uses a non-reentrant model


 *************** function _initLCD *****************
 Defined at:
		line 14 in file "LCD.c"
 Parameters:    Size  Location     Type
		None
 Auto vars:     Size  Location     Type
		None
 Return value:  Size  Location     Type
		None               void
 Registers used:
		wreg, fsr0l, fsr0h, status,2, status,0, tblptrl, tblptrh, tblptru, cstack
 Tracked objects:
		On entry : 
		On exit  : 
		Unchanged: 
 Data sizes:     COMRAM   BANK0   BANK1   BANK2   BANK3   BANK4   BANK5   BANK6   BANK7
      Params:         0       0       0       0       0       0       0       0       0
      Locals:         0       0       0       0       0       0       0       0       0
      Temps:          0       0       0       0       0       0       0       0       0
      Totals:         0       0       0       0       0       0       0       0       0
Total ram usage:        0 bytes
 Hardware stack levels used:    1
 Hardware stack levels required when called:    5
 This function calls:
		_line1
		_line2
		_waitForLCDStart
		_writeLCD
 This function is called by:
		_InitApp
 This function uses a non-reentrant model


 *************** function _writeLCD *****************
 Defined at:
		line 38 in file "LCD.c"
 Parameters:    Size  Location     Type
  str             2   33[COMRAM] PTR const unsigned char 
		 -> STR_3(6), STR_2(6), strLine1(17), 
 Auto vars:     Size  Location     Type
		None
 Return value:  Size  Location     Type
		None               void
 Registers used:
		wreg, fsr0l, fsr0h, status,2, status,0, tblptrl, tblptrh, tblptru, cstack
 Tracked objects:
		On entry : 
		On exit  : 
		Unchanged: 
 Data sizes:     COMRAM   BANK0   BANK1   BANK2   BANK3   BANK4   BANK5   BANK6   BANK7
      Params:         2       0       0       0       0       0       0       0       0
      Locals:         0       0       0       0       0       0       0       0       0
      Temps:          0       0       0       0       0       0       0       0       0
      Totals:         2       0       0       0       0       0       0       0       0
Total ram usage:        2 bytes
 Hardware stack levels used:    1
 Hardware stack levels required when called:    4
 This function calls:
		_writeDataLCD
 This function is called by:
		_main
		_initLCD
 This function uses a non-reentrant model


 *************** function _writeDataLCD *****************
 Defined at:
		line 69 in file "LCD.c"
 Parameters:    Size  Location     Type
  data            1    wreg     unsigned char 
 Auto vars:     Size  Location     Type
  data            1   32[COMRAM] unsigned char 
 Return value:  Size  Location     Type
		None               void
 Registers used:
		wreg, status,2, cstack
 Tracked objects:
		On entry : 
		On exit  : 
		Unchanged: 
 Data sizes:     COMRAM   BANK0   BANK1   BANK2   BANK3   BANK4   BANK5   BANK6   BANK7
      Params:         0       0       0       0       0       0       0       0       0
      Locals:         1       0       0       0       0       0       0       0       0
      Temps:          0       0       0       0       0       0       0       0       0
      Totals:         1       0       0       0       0       0       0       0       0
Total ram usage:        1 bytes
 Hardware stack levels used:    1
 Hardware stack levels required when called:    3
 This function calls:
		_waitNotBusy
 This function is called by:
		_writeLCD
		_writeLCDC
 This function uses a non-reentrant model


 *************** function _waitForLCDStart *****************
 Defined at:
		line 58 in file "LCD.c"
 Parameters:    Size  Location     Type
		None
 Auto vars:     Size  Location     Type
		None
 Return value:  Size  Location     Type
		None               void
 Registers used:
		wreg, status,2, cstack
 Tracked objects:
		On entry : 
		On exit  : 
		Unchanged: 
 Data sizes:     COMRAM   BANK0   BANK1   BANK2   BANK3   BANK4   BANK5   BANK6   BANK7
      Params:         0       0       0       0       0       0       0       0       0
      Locals:         0       0       0       0       0       0       0       0       0
      Temps:          1       0       0       0       0       0       0       0       0
      Totals:         1       0       0       0       0       0       0       0       0
Total ram usage:        1 bytes
 Hardware stack levels used:    1
 Hardware stack levels required when called:    4
 This function calls:
		_writeCmdLCD
 This function is called by:
		_initLCD
 This function uses a non-reentrant model


 *************** function _line2 *****************
 Defined at:
		line 34 in file "LCD.c"
 Parameters:    Size  Location     Type
		None
 Auto vars:     Size  Location     Type
		None
 Return value:  Size  Location     Type
		None               void
 Registers used:
		wreg, status,2, cstack
 Tracked objects:
		On entry : 
		On exit  : 
		Unchanged: 
 Data sizes:     COMRAM   BANK0   BANK1   BANK2   BANK3   BANK4   BANK5   BANK6   BANK7
      Params:         0       0       0       0       0       0       0       0       0
      Locals:         0       0       0       0       0       0       0       0       0
      Temps:          0       0       0       0       0       0       0       0       0
      Totals:         0       0       0       0       0       0       0       0       0
Total ram usage:        0 bytes
 Hardware stack levels used:    1
 Hardware stack levels required when called:    4
 This function calls:
		_writeCmdLCD
 This function is called by:
		_initLCD
 This function uses a non-reentrant model


 *************** function _line1 *****************
 Defined at:
		line 30 in file "LCD.c"
 Parameters:    Size  Location     Type
		None
 Auto vars:     Size  Location     Type
		None
 Return value:  Size  Location     Type
		None               void
 Registers used:
		wreg, status,2, cstack
 Tracked objects:
		On entry : 
		On exit  : 
		Unchanged: 
 Data sizes:     COMRAM   BANK0   BANK1   BANK2   BANK3   BANK4   BANK5   BANK6   BANK7
      Params:         0       0       0       0       0       0       0       0       0
      Locals:         0       0       0       0       0       0       0       0       0
      Temps:          0       0       0       0       0       0       0       0       0
      Totals:         0       0       0       0       0       0       0       0       0
Total ram usage:        0 bytes
 Hardware stack levels used:    1
 Hardware stack levels required when called:    4
 This function calls:
		_writeCmdLCD
 This function is called by:
		_main
		_initLCD
 This function uses a non-reentrant model


 *************** function _writeCmdLCD *****************
 Defined at:
		line 79 in file "LCD.c"
 Parameters:    Size  Location     Type
  data            1    wreg     unsigned char 
 Auto vars:     Size  Location     Type
  data            1   32[COMRAM] unsigned char 
 Return value:  Size  Location     Type
		None               void
 Registers used:
		wreg, status,2, cstack
 Tracked objects:
		On entry : 
		On exit  : 
		Unchanged: 
 Data sizes:     COMRAM   BANK0   BANK1   BANK2   BANK3   BANK4   BANK5   BANK6   BANK7
      Params:         0       0       0       0       0       0       0       0       0
      Locals:         1       0       0       0       0       0       0       0       0
      Temps:          0       0       0       0       0       0       0       0       0
      Totals:         1       0       0       0       0       0       0       0       0
Total ram usage:        1 bytes
 Hardware stack levels used:    1
 Hardware stack levels required when called:    3
 This function calls:
		_waitNotBusy
 This function is called by:
		_line1
		_line2
		_waitForLCDStart
 This function uses a non-reentrant model


 *************** function _waitNotBusy *****************
 Defined at:
		line 88 in file "LCD.c"
 Parameters:    Size  Location     Type
		None
 Auto vars:     Size  Location     Type
  res             1   31[COMRAM] unsigned char 
 Return value:  Size  Location     Type
		None               void
 Registers used:
		wreg, status,2
 Tracked objects:
		On entry : 
		On exit  : 
		Unchanged: 
 Data sizes:     COMRAM   BANK0   BANK1   BANK2   BANK3   BANK4   BANK5   BANK6   BANK7
      Params:         0       0       0       0       0       0       0       0       0
      Locals:         1       0       0       0       0       0       0       0       0
      Temps:          0       0       0       0       0       0       0       0       0
      Totals:         1       0       0       0       0       0       0       0       0
Total ram usage:        1 bytes
 Hardware stack levels used:    1
 Hardware stack levels required when called:    2
 This function calls:
		Nothing
 This function is called by:
		_writeDataLCD
		_writeCmdLCD
 This function uses a non-reentrant model


 *************** function _low_isr *****************
 Defined at:
		line 52 in file "interrupts.c"
 Parameters:    Size  Location     Type
		None
 Auto vars:     Size  Location     Type
		None
 Return value:  Size  Location     Type
		None               void
 Registers used:
		None
 Tracked objects:
		On entry : 
		On exit  : 
		Unchanged: 
 Data sizes:     COMRAM   BANK0   BANK1   BANK2   BANK3   BANK4   BANK5   BANK6   BANK7
      Params:         0       0       0       0       0       0       0       0       0
      Locals:         0       0       0       0       0       0       0       0       0
      Temps:         17       0       0       0       0       0       0       0       0
      Totals:        17       0       0       0       0       0       0       0       0
Total ram usage:       17 bytes
 Hardware stack levels used:    1
 Hardware stack levels required when called:    1
 This function calls:
		Nothing
 This function is called by:
		Interrupt level 1
 This function uses a non-reentrant model


 *************** function _high_isr *****************
 Defined at:
		line 18 in file "interrupts.c"
 Parameters:    Size  Location     Type
		None
 Auto vars:     Size  Location     Type
		None
 Return value:  Size  Location     Type
		None               void
 Registers used:
		None
 Tracked objects:
		On entry : 
		On exit  : 
		Unchanged: 
 Data sizes:     COMRAM   BANK0   BANK1   BANK2   BANK3   BANK4   BANK5   BANK6   BANK7
      Params:         0       0       0       0       0       0       0       0       0
      Locals:         0       0       0       0       0       0       0       0       0
      Temps:         14       0       0       0       0       0       0       0       0
      Totals:        14       0       0       0       0       0       0       0       0
Total ram usage:       14 bytes
 Hardware stack levels used:    1
 This function calls:
		Nothing
 This function is called by:
		Interrupt level 2
 This function uses a non-reentrant model



MODULE INFORMATION

Module		Function		Class		Link	Load	Size
interrupts.c
		_high_isr      		CODE           	0008	0000	125
		_low_isr       		CODE           	0018	0000	143

interrupts.c estimated size: 268

/opt/microchip/xc8/v1.35/sources/common/llmod.c
		___llmod       		CODE           	0B0E	0000	103

/opt/microchip/xc8/v1.35/sources/common/llmod.c estimated size: 103

/opt/microchip/xc8/v1.35/sources/common/ltoa.c
		_ltoa          		CODE           	0BCC	0000	89
		_ultoa         		CODE           	0928	0000	247

/opt/microchip/xc8/v1.35/sources/common/ltoa.c estimated size: 336

shared
		__initialization		CODE           	0D78	0000	13

shared estimated size: 13

/opt/microchip/xc8/v1.35/sources/common/strcat.c
		_strcat        		CODE           	0B74	0000	89

/opt/microchip/xc8/v1.35/sources/common/strcat.c estimated size: 89

/opt/microchip/xc8/v1.35/sources/common/strlen.c
		_strlen        		CODE           	0CBA	0000	59

/opt/microchip/xc8/v1.35/sources/common/strlen.c estimated size: 59

user.c
		_InitApp       		CODE           	0D2A	0000	43

user.c estimated size: 43

main.c
		_main          		CODE           	0814	0000	277

main.c estimated size: 277

/opt/microchip/xc8/v1.35/sources/common/lldiv.c
		___lldiv       		CODE           	0A1E	0000	131

/opt/microchip/xc8/v1.35/sources/common/lldiv.c estimated size: 131

LCD.c
		_waitForLCDStart		CODE           	0C76	0000	69
		_line1         		CODE           	0DC2	0000	9
		_waitNotBusy   		CODE           	0D54	0000	37
		_line2         		CODE           	0DBA	0000	9
		_writeCmdLCD   		CODE           	0DA6	0000	21
		_writeDataLCD  		CODE           	0D92	0000	21
		_writeLCD      		CODE           	0C24	0000	83
		_initLCD       		CODE           	0CF4	0000	55

LCD.c estimated size: 304

